Γ£û AuditLogger - Logging (24.3772ms)
[dotenv@17.2.3] injecting env (0) from .env -- tip: ≡ƒùé∩╕Å backup and recover secrets: https://dotenvx.com/ops
[SimulatedAI] Matched: Business Analysis
Γ£ö PolicyEngine - Evaluation (2.2789ms)
Γ£ö SecurityVault - Encrypt/Decrypt (2.3715ms)
Γ£ö AIProvider - simulatedComplete (2.374ms)
Γ£ö DailySummarizer - generateQuestions (1.3976ms)
Γ£ö EmailCampaigner - Sequence Generation (0.8918ms)
[Database] Initialized at C:\Users\dmilner.AGV-040318-PC\Downloads\landon\king-ai-studio\tests\test-db.db
Γ£ö Database - Initialization and Schema (1130.8607ms)
[Database] Initialized at C:\Users\dmilner.AGV-040318-PC\Downloads\landon\king-ai-studio\tests\test-crud.db
Γ£ö Database - CRUD Operations (167.2411ms)
Γ£ö Empire Entry Point - Smoke Test (1285.9919ms)
[MetaLearner] Extracting general principles...
[MetaLearner] Optimizing System Prompt...
Γ£ö MetaLearner - Principle Extraction (5.6487ms)
[dotenv@17.2.3] injecting env (0) from .env -- tip: ≡ƒöÉ prevent building .env in docker: https://dotenvx.com/prebuild
[ModelRouter] API Keys Status: { openai: false, anthropic: false, gemini: false, deepseek: false }
[ModelRouter] API Keys Status: { openai: false, anthropic: false, gemini: false, deepseek: false }
[ModelRouter] API Keys Status: { openai: false, anthropic: false, gemini: false, deepseek: false }
[ModelRouter] Skipping gemini:gemini-1.5-pro - No API Key
[ModelRouter] Skipping gemini:gemini-1.5-pro-latest - No API Key
[ModelRouter] Skipping openai:gpt-4o - No API Key
[ModelRouter] Selected: anthropic:claude-3-5-sonnet for reasoning (Key available: true)
[ModelRouter] API Keys Status: { openai: false, anthropic: false, gemini: false, deepseek: false }
Γ£ö ModelRouter - Initialization (5.4492ms)
Γ£ö ModelRouter - parseKeys (2.5479ms)
Γ£ö ModelRouter - selectModel (2.9612ms)
Γ£ö ModelRouter - executeModelRequest Mock (2.4485ms)
[SelfEvaluator] ≡ƒºÉ Critiquing initial output...
[SelfEvaluator] Γ£à Output passed with score 0.9
Γ£ö SelfEvaluator - Evaluation Loop (4.4548ms)
[StrategyManager] Updating strategies for general...
Γ£ö StrategyManager - Load and Update (11.5353ms)
[dotenv@17.2.3] injecting env (0) from .env -- tip: ΓÜÖ∩╕Å  enable debug logging with { debug: true }
[ModelRouter] API Keys Status: { openai: false, anthropic: false, gemini: false, deepseek: false }
[Database] Initialized at C:\Users\dmilner.AGV-040318-PC\Downloads\landon\king-ai-studio\tests\test-system-1766550110473.db
[CEO START] ≡ƒÜÇ Starting new business analysis: AI for testing system integrity
[CEO PROGRESS] ≡ƒôè Analyzing business idea...
[CEO MILESTONE] Γ£à Analysis complete!
   Viability Score: 9/10
   Target Market: Global
   Revenue Model: SaaS
[CEO PROGRESS] ≡ƒôï Creating detailed business plan...
[CEO MILESTONE] Γ£à Business plan created!
   Phases: 1
   Mission: Automate everything
[CEO PROGRESS] ≡ƒô¥ Extracting actionable tasks...
[CEO MILESTONE] Γ£à Found 1 tasks to execute
   Ready to begin execution phase
Γ£ö System Integration - CEOAgent Analysis (366.9615ms)
Γä╣ tests 17
Γä╣ suites 0
Γä╣ pass 16
Γä╣ fail 1
Γä╣ cancelled 0
Γä╣ skipped 0
Γä╣ todo 0
Γä╣ duration_ms 10847.204

Γ£û failing tests:

test at tests\audit-logger.test.js:13:1
Γ£û AuditLogger - Logging (24.3772ms)
  AssertionError [ERR_ASSERTION]: Audit log file should exist
      at TestContext.<anonymous> (file:///C:/Users/dmilner.AGV-040318-PC/Downloads/landon/king-ai-studio/tests/audit-logger.test.js:23:12)
      at Test.runInAsyncScope (node:async_hooks:214:14)
      at Test.run (node:internal/test_runner/test:1106:25)
      at Test.start (node:internal/test_runner/test:1003:17)
      at startSubtestAfterBootstrap (node:internal/test_runner/harness:358:17) {
    generatedMessage: false,
    code: 'ERR_ASSERTION',
    actual: false,
    expected: true,
    operator: '==',
    diff: 'simple'
  }
